c:\users\hutaoshusband\source\repos\ida-rpc-ida9.1\x64\release64\linker\vc143.pdb
c:\users\hutaoshusband\source\repos\ida-rpc-ida9.1\x64\release64\linker\options.obj
c:\users\hutaoshusband\source\repos\ida-rpc-ida9.1\x64\release64\linker\main.obj
c:\users\columbina\documents\github\ida-rpc-ida9.1\x64\release64\linker\vc145.pdb
c:\users\columbina\documents\github\ida-rpc-ida9.1\x64\release64\linker\options.obj
c:\users\columbina\documents\github\ida-rpc-ida9.1\x64\release64\linker\main.obj
c:\users\hutaoshusband\source\repos\ida-rpc-ida9.1\x64\release64\ida-rpc64.dll
c:\users\columbina\documents\github\ida-rpc-ida9.1\x64\release64\ida-rpc64.dll
c:\users\columbina\documents\github\ida-rpc-ida9.1\x64\release64\ida-rpc64.lib
c:\users\columbina\documents\github\ida-rpc-ida9.1\x64\release64\ida-rpc64.exp
c:\users\columbina\documents\github\ida-rpc-ida9.1\x64\release64\linker\ida-rpc64.iobj
c:\users\columbina\documents\github\ida-rpc-ida9.1\x64\release64\linker\vc143.pdb
c:\users\columbina\documents\github\ida-rpc-ida9.1\x64\release64\linker\ida-rpc.vcxproj.filelistabsolute.txt
c:\users\columbina\documents\github\ida-rpc-ida9.1\x64\release64\linker\ida-rpc.tlog\cl.command.1.tlog
c:\users\columbina\documents\github\ida-rpc-ida9.1\x64\release64\linker\ida-rpc.tlog\cl.read.1.tlog
c:\users\columbina\documents\github\ida-rpc-ida9.1\x64\release64\linker\ida-rpc.tlog\cl.write.1.tlog
c:\users\columbina\documents\github\ida-rpc-ida9.1\x64\release64\linker\ida-rpc.tlog\link.command.1.tlog
c:\users\columbina\documents\github\ida-rpc-ida9.1\x64\release64\linker\ida-rpc.tlog\link.read.1.tlog
c:\users\columbina\documents\github\ida-rpc-ida9.1\x64\release64\linker\ida-rpc.tlog\link.secondary.1.tlog
c:\users\columbina\documents\github\ida-rpc-ida9.1\x64\release64\linker\ida-rpc.tlog\link.write.1.tlog
